{
  "app": "npx ts-node --prefer-ts-exts bin/stack.ts"
}
