{
  "extends": "./tsconfig.json",
  "include": ["src/**/*.ts", "src/*.ts", "__tests__/**/*.ts"]
}
