{
  "extends": "../../foundation/tsconfig.json",
  "include": ["src/**/*.ts"],
  "references": [
    {
      "path": "../../lib/events"
    },
    {
      "path": "../../lib/logging"
    },
    {
      "path": "../../lib/types"
    },
    {
      "path": "../../lib/util"
    },
    {
      "path": "../../lib/error"
    },
    {
      "path": "../../lib/http"
    },
    {
      "path": "../../lib/middleware"
    },
    {
      "path": "../../foundation/testing"
    }
  ]
}
